Archive member included to satisfy reference by file (symbol)

/usr/lib/x86_64-linux-gnu/libc_nonshared.a(pthread_atfork.oS)
                              /tmp/tmp.tbIP7w1UNP.o (pthread_atfork)

Merging program properties

Removed property 0xc0000002 to merge /lib/x86_64-linux-gnu/crti.o (0x3) and /tmp/tmp.uiyrWqeMIJ.o (not found)
Removed property 0xc0000002 to merge /lib/x86_64-linux-gnu/crti.o (not found) and /usr/lib/x86_64-linux-gnu/libc_nonshared.a(pthread_atfork.oS) (0x3)
Removed property 0xc0000002 to merge /lib/x86_64-linux-gnu/crti.o (not found) and /usr/lib/gcc/x86_64-linux-gnu/13/crtendS.o (0x3)
Removed property 0xc0000002 to merge /lib/x86_64-linux-gnu/crti.o (not found) and /lib/x86_64-linux-gnu/crtn.o (0x3)

As-needed library included to satisfy reference by file (symbol)

libgcc_s.so.1                 /tmp/tmp.GQwVrsEZ5a.o (_Unwind_GetLanguageSpecificData@@GCC_3.0)
ld-linux-x86-64.so.2          /tmp/tmp.xjXMpChPu4.o (__tls_get_addr@@GLIBC_2.3)

Discarded input sections

 .text          0x0000000000000000        0x0 /lib/x86_64-linux-gnu/crti.o
 .data          0x0000000000000000        0x0 /lib/x86_64-linux-gnu/crti.o
 .bss           0x0000000000000000        0x0 /lib/x86_64-linux-gnu/crti.o
 .note.gnu.property
                0x0000000000000000       0x20 /lib/x86_64-linux-gnu/crti.o
 .note.GNU-stack
                0x0000000000000000        0x0 /lib/x86_64-linux-gnu/crti.o
 .data          0x0000000000000000        0x0 /usr/lib/gcc/x86_64-linux-gnu/13/crtbeginS.o
 .note.GNU-stack
                0x0000000000000000        0x0 /usr/lib/gcc/x86_64-linux-gnu/13/crtbeginS.o
 .note.gnu.property
                0x0000000000000000       0x20 /usr/lib/gcc/x86_64-linux-gnu/13/crtbeginS.o
 .text          0x0000000000000000        0x0 /tmp/tmp.uiyrWqeMIJ.o
 .llvmbc        0x0000000000000000      0x914 /tmp/tmp.uiyrWqeMIJ.o
 .llvmcmd       0x0000000000000000        0x0 /tmp/tmp.uiyrWqeMIJ.o
 .comment       0x0000000000000000       0x35 /tmp/tmp.uiyrWqeMIJ.o
 .note.GNU-stack
                0x0000000000000000        0x0 /tmp/tmp.uiyrWqeMIJ.o
 .text          0x0000000000000000        0x0 /tmp/tmp.rz8xaaT1IH.o
 .llvmbc        0x0000000000000000      0x928 /tmp/tmp.rz8xaaT1IH.o
 .llvmcmd       0x0000000000000000        0x0 /tmp/tmp.rz8xaaT1IH.o
 .comment       0x0000000000000000       0x35 /tmp/tmp.rz8xaaT1IH.o
 .note.GNU-stack
                0x0000000000000000        0x0 /tmp/tmp.rz8xaaT1IH.o
 .text          0x0000000000000000        0x0 /tmp/tmp.T7EpnudNoR.o
 .llvmbc        0x0000000000000000      0x918 /tmp/tmp.T7EpnudNoR.o
 .llvmcmd       0x0000000000000000        0x0 /tmp/tmp.T7EpnudNoR.o
 .comment       0x0000000000000000       0x35 /tmp/tmp.T7EpnudNoR.o
 .note.GNU-stack
                0x0000000000000000        0x0 /tmp/tmp.T7EpnudNoR.o
 .text          0x0000000000000000        0x0 /tmp/tmp.H099IMb6PR.o
 .llvmbc        0x0000000000000000      0x914 /tmp/tmp.H099IMb6PR.o
 .llvmcmd       0x0000000000000000        0x0 /tmp/tmp.H099IMb6PR.o
 .comment       0x0000000000000000       0x35 /tmp/tmp.H099IMb6PR.o
 .note.GNU-stack
                0x0000000000000000        0x0 /tmp/tmp.H099IMb6PR.o
 .text          0x0000000000000000        0x0 /tmp/tmp.KPaSfVzh8V.o
 .llvmbc        0x0000000000000000      0x928 /tmp/tmp.KPaSfVzh8V.o
 .llvmcmd       0x0000000000000000        0x0 /tmp/tmp.KPaSfVzh8V.o
 .comment       0x0000000000000000       0x35 /tmp/tmp.KPaSfVzh8V.o
 .note.GNU-stack
                0x0000000000000000        0x0 /tmp/tmp.KPaSfVzh8V.o
 .text          0x0000000000000000      0x2db /tmp/tmp.xjXMpChPu4.o
 .llvmbc        0x0000000000000000     0x3ea4 /tmp/tmp.xjXMpChPu4.o
 .llvmcmd       0x0000000000000000        0x0 /tmp/tmp.xjXMpChPu4.o
 .rodata.cst16  0x0000000000000000       0x10 /tmp/tmp.xjXMpChPu4.o
 .data.rel.ro   0x0000000000000000       0x20 /tmp/tmp.xjXMpChPu4.o
 .rodata        0x0000000000000000       0x8c /tmp/tmp.xjXMpChPu4.o
 .rodata.cst32  0x0000000000000000       0x20 /tmp/tmp.xjXMpChPu4.o
 .note.GNU-stack
                0x0000000000000000        0x0 /tmp/tmp.xjXMpChPu4.o
 .text          0x0000000000000000        0x0 /tmp/tmp.8tVUD9Dabz.o
 .llvmbc        0x0000000000000000      0x914 /tmp/tmp.8tVUD9Dabz.o
 .llvmcmd       0x0000000000000000        0x0 /tmp/tmp.8tVUD9Dabz.o
 .comment       0x0000000000000000       0x35 /tmp/tmp.8tVUD9Dabz.o
 .note.GNU-stack
                0x0000000000000000        0x0 /tmp/tmp.8tVUD9Dabz.o
 .text          0x0000000000000000     0x1825 /tmp/tmp.cUa5uAvrJC.o
 .llvmbc        0x0000000000000000     0xeda0 /tmp/tmp.cUa5uAvrJC.o
 .llvmcmd       0x0000000000000000        0x0 /tmp/tmp.cUa5uAvrJC.o
 .gcc_except_table
                0x0000000000000000       0x18 /tmp/tmp.cUa5uAvrJC.o
 .rodata        0x0000000000000000       0x83 /tmp/tmp.cUa5uAvrJC.o
 .data.rel.ro   0x0000000000000000       0xd8 /tmp/tmp.cUa5uAvrJC.o
 .rodata.cst16  0x0000000000000000       0x10 /tmp/tmp.cUa5uAvrJC.o
 .group         0x0000000000000000        0xc /tmp/tmp.cUa5uAvrJC.o
[...]
Memory Configuration

Name             Origin             Length             Attributes
*default*        0x0000000000000000 0xffffffffffffffff

Linker script and memory map

LOAD /lib/x86_64-linux-gnu/crti.o
LOAD /usr/lib/gcc/x86_64-linux-gnu/13/crtbeginS.o
LOAD /tmp/tmp.uiyrWqeMIJ.o
LOAD /tmp/tmp.rz8xaaT1IH.o
LOAD /tmp/tmp.T7EpnudNoR.o
LOAD /tmp/tmp.H099IMb6PR.o
LOAD /tmp/tmp.KPaSfVzh8V.o
LOAD /tmp/tmp.xjXMpChPu4.o
LOAD /tmp/tmp.8tVUD9Dabz.o
LOAD /tmp/tmp.cUa5uAvrJC.o
LOAD /tmp/tmp.JXhRuZds4m.o
LOAD /tmp/tmp.tbIP7w1UNP.o
LOAD /tmp/tmp.0W9Mn5e8OB.o
LOAD /tmp/tmp.qKphF5gSK5.o
LOAD /tmp/tmp.5G4gQqShTM.o
LOAD /tmp/tmp.UwaXd8LHFG.o
LOAD /tmp/tmp.lrvnH6fhvP.o
LOAD /tmp/tmp.3EFaSVhMzP.o
LOAD /tmp/tmp.AchKrK7lZI.o
LOAD /tmp/tmp.X9ECiyl4vt.o
LOAD /tmp/tmp.jcE96rH7y6.o
LOAD /tmp/tmp.DT10IdVcUc.o
LOAD /tmp/tmp.lqGdATL1wY.o
LOAD /tmp/tmp.Kt72fFXCDM.o
LOAD /tmp/tmp.MV2ltKXsE6.o
LOAD /tmp/tmp.SmfodmEvzV.o
LOAD /tmp/tmp.77GjeEnBiF.o
LOAD /tmp/tmp.xDApcbinSs.o
LOAD /tmp/tmp.1pquyCqEdE.o
LOAD /tmp/tmp.B4fL3VfFRv.o
LOAD /tmp/tmp.3yfg0AvtbN.o
LOAD /tmp/tmp.AqFEF4eGBa.o
LOAD /tmp/tmp.7wv3K3lOxP.o
LOAD /tmp/tmp.q59ss3pFEG.o
LOAD /tmp/tmp.p674yhL07q.o
LOAD /tmp/tmp.mgDKLoMu8O.o
LOAD /tmp/tmp.6uZ96C5R1m.o
LOAD /tmp/tmp.dlfna36REm.o
LOAD /tmp/tmp.cboYW3JuiM.o
LOAD /tmp/tmp.bX4nqk2LgP.o
LOAD /tmp/tmp.cfqWOrLtmi.o
LOAD /tmp/tmp.Rx0nHeyurj.o
LOAD /tmp/tmp.60vZsGQ17t.o
LOAD /tmp/tmp.smasIx7P14.o
LOAD /tmp/tmp.wz6HNAPI4g.o
LOAD /tmp/tmp.i0m25Y2zBH.o
LOAD /tmp/tmp.I1DBKE5YjI.o
LOAD /tmp/tmp.UbPptqrl4f.o
LOAD /tmp/tmp.m69hJJxWAx.o
LOAD /tmp/tmp.2SOnAKHq0i.o
LOAD /tmp/tmp.X1fXoU9TL9.o
LOAD /tmp/tmp.9VbFjmSMiR.o
LOAD /tmp/tmp.CIf3f8lJmA.o
LOAD /tmp/tmp.7zzg4uxZ0f.o
LOAD /tmp/tmp.SPvOaxpo21.o
LOAD /tmp/tmp.PLa0hfSHr4.o
LOAD /tmp/tmp.GQwVrsEZ5a.o
LOAD /tmp/tmp.608Ji2mK8c.o
LOAD /tmp/tmp.2BFuyJPRJC.o
LOAD /lib/x86_64-linux-gnu/libm.so
START GROUP
LOAD /lib/x86_64-linux-gnu/libm.so.6
LOAD /lib/x86_64-linux-gnu/libmvec.so.1
END GROUP
LOAD /home/comet/.rustup/toolchains/nightly-2025-02-10-x86_64-unknown-linux-gnu/lib/rustlib/x86_64-unknown-linux-gnu/lib/libstd-399a850a7013db0c.so
LOAD /usr/lib/gcc/x86_64-linux-gnu/13/libgcc.a
LOAD /usr/lib/gcc/x86_64-linux-gnu/13/libgcc_s.so
START GROUP
LOAD /lib/x86_64-linux-gnu/libgcc_s.so.1
LOAD /usr/lib/gcc/x86_64-linux-gnu/13/libgcc.a
END GROUP
LOAD /lib/x86_64-linux-gnu/libc.so
START GROUP
LOAD /lib/x86_64-linux-gnu/libc.so.6
LOAD /usr/lib/x86_64-linux-gnu/libc_nonshared.a
LOAD /lib64/ld-linux-x86-64.so.2
END GROUP
LOAD /usr/lib/gcc/x86_64-linux-gnu/13/libgcc.a
LOAD /usr/lib/gcc/x86_64-linux-gnu/13/libgcc_s.so
START GROUP
LOAD /lib/x86_64-linux-gnu/libgcc_s.so.1
LOAD /usr/lib/gcc/x86_64-linux-gnu/13/libgcc.a
END GROUP
LOAD /usr/lib/gcc/x86_64-linux-gnu/13/crtendS.o
LOAD /lib/x86_64-linux-gnu/crtn.o
                0x0000000000000238                . = (SEGMENT_START ("text-segment", 0x0) + SIZEOF_HEADERS)

.note.gnu.build-id
 *(.note.gnu.build-id)

.hash
 *(.hash)

.gnu.hash       0x0000000000000238       0x44
 *(.gnu.hash)
 .gnu.hash      0x0000000000000238       0x44 /lib/x86_64-linux-gnu/crti.o

.dynsym         0x0000000000000280     0x1380
 *(.dynsym)
 .dynsym        0x0000000000000280     0x1380 /lib/x86_64-linux-gnu/crti.o

.dynstr         0x0000000000001600      0xac1
 *(.dynstr)
 .dynstr        0x0000000000001600      0xac1 /lib/x86_64-linux-gnu/crti.o

.gnu.version    0x00000000000020c2      0x1a0
 *(.gnu.version)
 .gnu.version   0x00000000000020c2      0x1a0 /lib/x86_64-linux-gnu/crti.o

.gnu.version_d  0x0000000000002268        0x0
 *(.gnu.version_d)
 .gnu.version_d
                0x0000000000002268        0x0 /lib/x86_64-linux-gnu/crti.o

.gnu.version_r  0x0000000000002268      0x220
 *(.gnu.version_r)
 .gnu.version_r
                0x0000000000002268      0x220 /lib/x86_64-linux-gnu/crti.o

.rela.dyn       0x0000000000002488    0x2f568
 *(.rela.init)
 *(.rela.text .rela.text.* .rela.gnu.linkonce.t.*)
 .rela.text     0x0000000000002488        0x0 /lib/x86_64-linux-gnu/crti.o
 *(.rela.fini)
 *(.rela.rodata .rela.rodata.* .rela.gnu.linkonce.r.*)
 *(.rela.data .rela.data.* .rela.gnu.linkonce.d.*)
 .rela.data.rel.local
                0x0000000000002488       0x18 /lib/x86_64-linux-gnu/crti.o
 .rela.data.DW.ref.rust_eh_personality
                0x00000000000024a0       0x18 /lib/x86_64-linux-gnu/crti.o
 .rela.data.rel.ro
                0x00000000000024b8    0x2e128 /lib/x86_64-linux-gnu/crti.o
 .rela.data     0x00000000000305e0       0x30 /lib/x86_64-linux-gnu/crti.o
 *(.rela.tdata .rela.tdata.* .rela.gnu.linkonce.td.*)
 *(.rela.tbss .rela.tbss.* .rela.gnu.linkonce.tb.*)
 *(.rela.ctors)
 *(.rela.dtors)
 *(.rela.got)
 .rela.got      0x0000000000030610     0x1398 /lib/x86_64-linux-gnu/crti.o
 *(.rela.bss .rela.bss.* .rela.gnu.linkonce.b.*)
 *(.rela.ldata .rela.ldata.* .rela.gnu.linkonce.l.*)
 *(.rela.lbss .rela.lbss.* .rela.gnu.linkonce.lb.*)
 *(.rela.lrodata .rela.lrodata.* .rela.gnu.linkonce.lr.*)
 *(.rela.ifunc)
 .rela.ifunc    0x00000000000319a8        0x0 /lib/x86_64-linux-gnu/crti.o
 .rela.fini_array
                0x00000000000319a8       0x18 /lib/x86_64-linux-gnu/crti.o
 .rela.init_array
                0x00000000000319c0       0x18 /lib/x86_64-linux-gnu/crti.o
 .rela.eh_frame
                0x00000000000319d8        0x0 /lib/x86_64-linux-gnu/crti.o
 .rela.init_array.00099
                0x00000000000319d8       0x18 /lib/x86_64-linux-gnu/crti.o

.rela.plt       0x00000000000319f0       0x48
 *(.rela.plt)
 .rela.plt      0x00000000000319f0       0x48 /lib/x86_64-linux-gnu/crti.o
 *(.rela.iplt)

.relr.dyn
 *(.relr.dyn)
                0x0000000000032000                . = ALIGN (CONSTANT (MAXPAGESIZE))

.init           0x0000000000032000       0x1b
 *(SORT_NONE(.init))
 .init          0x0000000000032000       0x16 /lib/x86_64-linux-gnu/crti.o
                0x0000000000032000                _init
 .init          0x0000000000032016        0x5 /lib/x86_64-linux-gnu/crtn.o

.plt            0x0000000000032020       0x40
 *(.plt)
 .plt           0x0000000000032020       0x40 /lib/x86_64-linux-gnu/crti.o
 *(.iplt)

.plt.got        0x0000000000032060       0x10
 *(.plt.got)
 .plt.got       0x0000000000032060       0x10 /lib/x86_64-linux-gnu/crti.o

.plt.sec
 *(.plt.sec)

.text           0x0000000000032070   0x73a4d0
 *(.text.unlikely .text.*_unlikely .text.unlikely.*)
 .text.unlikely.
                0x0000000000032070      0x7f4 /tmp/tmp.tbIP7w1UNP.o
 *fill*         0x0000000000032864        0xc 
 .text.unlikely.
                0x0000000000032870      0x883 /tmp/tmp.xDApcbinSs.o
                0x0000000000032870                std_detect::detect::cache::detect_and_initialize
 *fill*         0x00000000000330f3        0xd 
 .text.unlikely.
                0x0000000000033100      0xe89 /tmp/tmp.3yfg0AvtbN.o
                0x0000000000033cb0                anyhow::error::<impl anyhow::Error>::chain
                0x0000000000033d20                anyhow::error::<impl core::convert::From<anyhow::Error> for alloc::boxed::Box<dyn core::error::Error+core::marker::Sync+core::marker::Send>>::from
                0x0000000000033d80                anyhow::kind::Boxed::new
 *fill*         0x0000000000033f89        0x7 
 .text.unlikely.
                0x0000000000033f90     0x1609 /tmp/tmp.p674yhL07q.o
 *fill*         0x0000000000035599        0x7 
 .text.unlikely.
                0x00000000000355a0     0x16f0 /tmp/tmp.smasIx7P14.o
                0x0000000000035f10                hashbrown::raw::RawTable<T,A>::reserve_rehash
                0x00000000000365e0                hashbrown::raw::RawTable<T,A>::reserve_rehash
 .text.unlikely.
                0x0000000000036c90      0x920 /tmp/tmp.i0m25Y2zBH.o
                0x0000000000036c90                core::panicking::assert_failed
                0x000000000003724b                alloc::raw_vec::handle_error
                0x00000000000372f5                alloc::alloc::handle_alloc_error
                0x000000000003733c                alloc::vec::Vec<T,A>::swap_remove::assert_failed
                0x00000000000373d9                alloc::vec::Vec<T,A>::insert::assert_failed
                0x0000000000037476                alloc::vec::Vec<T,A>::remove::assert_failed
                0x0000000000037513                alloc::vec::Vec<T,A>::split_off::assert_failed
 .text.unlikely.
                0x00000000000375b0     0x21f9 /tmp/tmp.X1fXoU9TL9.o
                0x0000000000038120                serde_json::de::Deserializer<R>::parse_long_integer
                0x0000000000038660                serde_json::de::Deserializer<R>::parse_decimal_overflow
                0x0000000000038b20                serde_json::de::Deserializer<R>::parse_exponent_overflow
                0x0000000000038d30                serde_json::error::Error::syntax
                0x0000000000038e90                serde_json::error::Error::io
                0x0000000000039440                <serde_json::error::Error as serde::de::Error>::invalid_type
                0x0000000000039520                <serde_json::error::Error as serde::de::Error>::invalid_value
                0x0000000000039680                serde_json::value::de::<impl serde_json::value::Value>::unexpected
 *fill*         0x00000000000397a9        0x7 
 .text.unlikely.
                0x00000000000397b0      0x575 /tmp/tmp.CIf3f8lJmA.o
 *fill*         0x0000000000039d25        0xb 
 .text.unlikely.
                0x0000000000039d30     0x1c3a /tmp/tmp.SPvOaxpo21.o
                0x0000000000039d30                core::num::int_log10::panic_for_nonpositive_argument
                0x0000000000039da0                core::num::int_sqrt::panic_for_negative_argument
                0x0000000000039e10                core::num::overflow_panic::add
                0x0000000000039e80                core::num::overflow_panic::sub
                0x0000000000039ef0                core::num::overflow_panic::mul
                0x0000000000039f60                core::num::overflow_panic::div
                0x0000000000039fd0                core::num::overflow_panic::rem
                0x000000000003a040                core::num::overflow_panic::neg
                0x000000000003a0b0                core::num::overflow_panic::shr
                0x000000000003a120                core::num::overflow_panic::shl
                0x000000000003a190                core::num::from_ascii_radix_panic
                0x000000000003a1e0                core::cell::lazy::panic_poisoned
                0x000000000003a250                core::cell::panic_already_borrowed
                0x000000000003a2e0                core::cell::panic_already_mutably_borrowed
                0x000000000003a370                core::option::unwrap_failed
                0x000000000003a3c0                core::option::expect_failed
                0x000000000003a460                core::panicking::panic_fmt
                0x000000000003a4c0                core::panicking::panic_nounwind_fmt
                0x000000000003a580                core::panicking::panic
                0x000000000003a600                core::panicking::panic_nounwind
                0x000000000003a680                core::panicking::panic_nounwind_nobacktrace
                0x000000000003a710                core::panicking::panic_explicit
                0x000000000003a79d                core::panicking::panic_bounds_check
                0x000000000003a835                core::panicking::panic_misaligned_pointer_dereference
                0x000000000003a913                core::panicking::panic_null_pointer_dereference
                0x000000000003a97b                core::panicking::panic_cannot_unwind
                0x000000000003a9bd                core::panicking::panic_in_cleanup
                0x000000000003a9ff                core::panicking::assert_failed
                0x000000000003aa73                core::panicking::assert_failed
                0x000000000003aae7                core::panicking::assert_failed_inner
                0x000000000003ad20                core::result::unwrap_failed
                0x000000000003adf0                core::slice::sort::shared::smallsort::panic_on_ord_violation
                0x000000000003ae60                core::slice::index::slice_start_index_len_fail
                0x000000000003aeb0                core::slice::index::slice_end_index_len_fail
                0x000000000003af00                core::slice::index::slice_index_order_fail
                0x000000000003af50                core::slice::index::slice_start_index_overflow_fail
                0x000000000003afc0                core::slice::index::slice_end_index_overflow_fail
                0x000000000003b030                core::slice::<impl [T]>::copy_from_slice::len_mismatch_fail
                0x000000000003b080                core::str::traits::str_index_overflow_fail
                0x000000000003b0f0                core::str::slice_error_fail
                0x000000000003b150                core::intrinsics::mir::Offset::panic_cold_explicit
                0x000000000003b150                core::intrinsics::mir::PtrMetadata::panic_cold_explicit
                0x000000000003b150                core::intrinsics::mir::UnwindResume::panic_cold_explicit
                0x000000000003b150                core::intrinsics::mir::Retag::panic_cold_explicit
                0x000000000003b150                core::intrinsics::mir::Checked::panic_cold_explicit
                0x000000000003b150                core::intrinsics::mir::Call::panic_cold_explicit
                0x000000000003b150                core::intrinsics::mir::CastPtrToPtr::panic_cold_explicit
                0x000000000003b150                core::intrinsics::mir::CastTransmute::panic_cold_explicit
                0x000000000003b150                core::intrinsics::mir::UnwindUnreachable::panic_cold_explicit
                0x000000000003b150                core::intrinsics::mir::Drop::panic_cold_explicit
                0x000000000003b150                core::intrinsics::mir::StorageDead::panic_cold_explicit
                0x000000000003b150                core::intrinsics::mir::Assume::panic_cold_explicit
                0x000000000003b150                core::intrinsics::mir::StorageLive::panic_cold_explicit
                0x000000000003b150                core::intrinsics::mir::Variant::panic_cold_explicit
                0x000000000003b150                core::intrinsics::mir::__debuginfo::panic_cold_explicit
                0x000000000003b150                core::intrinsics::mir::Unreachable::panic_cold_explicit
                0x000000000003b150                core::intrinsics::mir::Move::panic_cold_explicit
                0x000000000003b150                core::intrinsics::mir::SetDiscriminant::panic_cold_explicit
                0x000000000003b150                core::intrinsics::mir::Deinit::panic_cold_explicit
                0x000000000003b150                core::intrinsics::mir::TailCall::panic_cold_explicit
                0x000000000003b150                core::intrinsics::mir::Return::panic_cold_explicit
                0x000000000003b150                core::intrinsics::mir::CopyForDeref::panic_cold_explicit
                0x000000000003b150                core::intrinsics::mir::Len::panic_cold_explicit
                0x000000000003b150                core::intrinsics::mir::Static::panic_cold_explicit
                0x000000000003b150                core::intrinsics::mir::Goto::panic_cold_explicit
                0x000000000003b150                core::intrinsics::mir::__internal_make_place::panic_cold_explicit
                0x000000000003b150                core::intrinsics::mir::UnwindCleanup::panic_cold_explicit
                0x000000000003b150                core::intrinsics::mir::Field::panic_cold_explicit
                0x000000000003b150                core::intrinsics::mir::UnwindContinue::panic_cold_explicit
                0x000000000003b150                core::intrinsics::mir::StaticMut::panic_cold_explicit
                0x000000000003b150                core::intrinsics::mir::UnwindTerminate::panic_cold_explicit
                0x000000000003b150                core::intrinsics::mir::ReturnTo::panic_cold_explicit
                0x000000000003b150                core::intrinsics::mir::Discriminant::panic_cold_explicit
                0x000000000003b190                core::panicking::panic_const::panic_const_add_overflow
                0x000000000003b200                core::panicking::panic_const::panic_const_sub_overflow
                0x000000000003b270                core::panicking::panic_const::panic_const_mul_overflow
                0x000000000003b2e0                core::panicking::panic_const::panic_const_div_overflow
                0x000000000003b350                core::panicking::panic_const::panic_const_rem_overflow
                0x000000000003b3c0                core::panicking::panic_const::panic_const_neg_overflow
                0x000000000003b430                core::panicking::panic_const::panic_const_shr_overflow
                0x000000000003b4a0                core::panicking::panic_const::panic_const_shl_overflow
                0x000000000003b510                core::panicking::panic_const::panic_const_div_by_zero
                0x000000000003b580                core::panicking::panic_const::panic_const_rem_by_zero
                0x000000000003b5f0                core::panicking::panic_const::panic_const_coroutine_resumed
                0x000000000003b660                core::panicking::panic_const::panic_const_async_fn_resumed
                0x000000000003b6d0                core::panicking::panic_const::panic_const_async_gen_fn_resumed
                0x000000000003b740                core::panicking::panic_const::panic_const_gen_fn_none
                0x000000000003b7b0                core::panicking::panic_const::panic_const_coroutine_resumed_panic
                0x000000000003b820                core::panicking::panic_const::panic_const_async_fn_resumed_panic
                0x000000000003b890                core::panicking::panic_const::panic_const_async_gen_fn_resumed_panic
                0x000000000003b900                core::panicking::panic_const::panic_const_gen_fn_none_panic
 *fill*         0x000000000003b96a        0x6 
 .text.unlikely.
                0x000000000003b970     0x516a /tmp/tmp.GQwVrsEZ5a.o
                0x000000000003b9be                core::panicking::assert_failed
                0x000000000003ba32                core::panicking::assert_failed
                0x000000000003baa6                core::panicking::assert_failed
                0x000000000003c4f0                std::thread::local::panic_access_error
                0x000000000003c5f0                std::io::buffered::bufwriter::BufWriter<W>::write_cold
                0x000000000003c840                std::io::buffered::bufwriter::BufWriter<W>::write_all_cold
                0x000000000003cc30                std::process::abort
                0x000000000003cc70                std::sync::mpmc::context::Context::new
                0x000000000003d0b0                std::sync::lazy_lock::panic_poisoned
                0x000000000003e9c0                std::panicking::panic_count::is_zero_slow_path
                0x000000000003ea13                std::panicking::try::cleanup
                0x000000000003ea93                std::panicking::begin_panic
                0x000000000003ebd0                std::sys::sync::mutex::futex::Mutex::lock_contended
                0x000000000003ef60                std::sys::sync::mutex::futex::Mutex::wake
                0x000000000003f520                std::sys::sync::once::futex::Once::call
                0x000000000003fcc0                std::sys::sync::rwlock::futex::RwLock::read_contended
                0x0000000000040190                std::sys::sync::rwlock::futex::RwLock::write_contended
                0x00000000000405d0                std::sys::sync::rwlock::futex::RwLock::wake_writer_or_readers
 *fill*         0x0000000000040ada        0x6 
 .text.unlikely.
                0x0000000000040ae0     0x1379 /tmp/tmp.608Ji2mK8c.o
 *(.text.exit .text.exit.*)
 *(.text.startup .text.startup.*)
 *(.text.hot .text.hot.*)
 *(SORT_BY_NAME(.text.sorted.*))
 *(.text .stub .text.* .gnu.linkonce.t.*)
 *fill*         0x0000000000041e59        0x7 
 .text          0x0000000000041e60       0xb9 /usr/lib/gcc/x86_64-linux-gnu/13/crtbeginS.o
 *fill*         0x0000000000041f19        0x7 
 .text          0x0000000000041f20     0x1394 /tmp/tmp.JXhRuZds4m.o
                0x0000000000041f20                std::io::error::Error::new
                0x0000000000042450                <rand_core::error::Error as core::fmt::Debug>::fmt
                0x0000000000042500                <rand_core::error::Error as core::fmt::Display>::fmt
                0x0000000000042610                <rand_core::error::ErrorCode as core::fmt::Display>::fmt
                0x00000000000426c0                rand_core::impls::fill_via_u32_chunks
                0x0000000000042830                rand_core::impls::fill_via_u64_chunks
                0x00000000000429a0                <rand_core::os::OsRng as rand_core::RngCore>::next_u32
                0x0000000000042a00                <rand_core::os::OsRng as rand_core::RngCore>::next_u64
                0x0000000000042a70                <rand_core::os::OsRng as rand_core::RngCore>::fill_bytes
                0x0000000000042ca0                <rand_core::os::OsRng as rand_core::RngCore>::try_fill_bytes
                0x0000000000042e00                rand_core::SeedableRng::seed_from_u64::pcg32
                0x0000000000042e80                <dyn rand_core::RngCore as std::io::Read>::read
 *fill*         0x00000000000432b4        0xc 
 .text          0x00000000000432c0     0x17f0 /tmp/tmp.tbIP7w1UNP.o
                0x00000000000437a0                alloc::rc::Rc<T,A>::drop_slow
                0x0000000000043880                <rand::distributions::bernoulli::BernoulliError as core::fmt::Display>::fmt
                0x00000000000438e0                <rand::distributions::slice::EmptySlice as core::fmt::Display>::fmt
                0x0000000000043940                <rand::distributions::weighted_index::WeightedError as core::fmt::Display>::fmt
                0x00000000000439c0                <rand::rngs::adapter::read::ReadError as core::fmt::Display>::fmt
                0x0000000000043a70                rand::rngs::adapter::reseeding::ReseedingCore<R,Rsdr>::reseed_and_generate
                0x0000000000043d40                rand::rngs::adapter::reseeding::fork::get_fork_counter
                0x0000000000043da0                rand::rngs::adapter::reseeding::fork::register_fork_handler
                0x0000000000043e50                <rand::rngs::xoshiro256plusplus::Xoshiro256PlusPlus as rand_core::SeedableRng>::seed_from_u64
                0x00000000000440c0                rand::rngs::thread::thread_rng
                0x00000000000440c0                <rand::rngs::thread::ThreadRng as core::default::Default>::default
                0x00000000000441e0                <rand::rngs::thread::ThreadRng as rand_core::RngCore>::fill_bytes
                0x00000000000444a0                <rand::rngs::thread::ThreadRng as rand_core::RngCore>::try_fill_bytes
                0x0000000000044760                <rand::seq::index::IndexVec as core::cmp::PartialEq>::eq
 .text          0x0000000000044ab0     0x3b1d /tmp/tmp.5G4gQqShTM.o
                0x0000000000044cd0                <serde::de::value::Error as core::fmt::Debug>::fmt
                0x0000000000044d60                <serde::de::value::ExpectedInSeq as serde::de::Expected>::fmt
                0x0000000000044e90                <serde::de::value::ExpectedInMap as serde::de::Expected>::fmt
                0x0000000000044fc0                serde::de::format::Buf::as_str
                0x0000000000045060                <serde::de::format::Buf as core::fmt::Write>::write_str
                0x0000000000045190                <serde::de::ignored_any::IgnoredAny as serde::de::Visitor>::expecting
                0x00000000000451f0                <serde::de::impls::UnitVisitor as serde::de::Visitor>::expecting
                0x0000000000045250                <serde::de::impls::BoolVisitor as serde::de::Visitor>::expecting
                0x00000000000452b0                <serde::de::impls::CharVisitor as serde::de::Visitor>::expecting
                0x0000000000045310                <serde::de::impls::StringVisitor as serde::de::Visitor>::expecting
                0x0000000000045310                <serde::__private::de::borrow_cow_str::CowStrVisitor as serde::de::Visitor>::expecting
                0x0000000000045370                <serde::de::impls::StringInPlaceVisitor as serde::de::Visitor>::expecting
                0x00000000000453d0                <serde::de::impls::StrVisitor as serde::de::Visitor>::expecting
                0x0000000000045430                <serde::de::impls::BytesVisitor as serde::de::Visitor>::expecting
                0x0000000000045490                <serde::de::impls::CStringVisitor as serde::de::Visitor>::expecting
                0x00000000000454f0                <serde::de::impls::PathVisitor as serde::de::Visitor>::expecting
                0x0000000000045550                <serde::de::impls::PathBufVisitor as serde::de::Visitor>::expecting
                0x00000000000455b0                <serde::de::impls::OsStringVisitor as serde::de::Visitor>::expecting
                0x0000000000045610                <<serde::de::impls::<impl serde::de::Deserialize for core::time::Duration>::deserialize::Field as serde::de::Deserialize>::deserialize::FieldVisitor as serde::de::Visitor>::expecting
                0x0000000000045670                <serde::de::impls::<impl serde::de::Deserialize for core::time::Duration>::deserialize::DurationVisitor as serde::de::Visitor>::expecting
                0x00000000000456d0                <<serde::de::impls::<impl serde::de::Deserialize for std::time::SystemTime>::deserialize::Field as serde::de::Deserialize>::deserialize::FieldVisitor as serde::de::Visitor>::expecting
                0x0000000000045730                <serde::de::impls::<impl serde::de::Deserialize for std::time::SystemTime>::deserialize::DurationVisitor as serde::de::Visitor>::expecting
                0x0000000000045790                <<serde::de::impls::range::Field as serde::de::Deserialize>::deserialize::FieldVisitor as serde::de::Visitor>::expecting
                0x00000000000457f0                <<serde::de::impls::range_from::Field as serde::de::Deserialize>::deserialize::FieldVisitor as serde::de::Visitor>::expecting
                0x0000000000045850                <<serde::de::impls::range_to::Field as serde::de::Deserialize>::deserialize::FieldVisitor as serde::de::Visitor>::expecting
                0x00000000000458b0                <<serde::de::impls::<impl serde::de::Deserialize for core::ops::range::Bound<T>>::deserialize::Field as serde::de::Deserialize>::deserialize::FieldVisitor as serde::de::Visitor>::expecting
                0x0000000000045910                <<serde::de::impls::<impl serde::de::Deserialize for core::result::Result<T,E>>::deserialize::Field as serde::de::Deserialize>::deserialize::FieldVisitor as serde::de::Visitor>::expecting
                0x0000000000045970                <serde::de::Unexpected as core::fmt::Display>::fmt
                0x0000000000045f20                <&str as serde::de::Expected>::fmt
                0x0000000000045f20                <serde::de::value::Error as core::fmt::Display>::fmt
                0x0000000000045f80                <dyn serde::de::Expected as core::fmt::Display>::fmt
                0x0000000000045fe0                <serde::de::OneOf as core::fmt::Display>::fmt
                0x0000000000046450                <serde::de::WithDecimalPoint as core::fmt::Display>::fmt
                0x00000000000465d0                <<serde::de::WithDecimalPoint as core::fmt::Display>::fmt::LookForDecimalPoint as core::fmt::Write>::write_str
                0x0000000000046760                <<serde::de::WithDecimalPoint as core::fmt::Display>::fmt::LookForDecimalPoint as core::fmt::Write>::write_char
                0x00000000000467c0                serde::ser::fmt::<impl serde::ser::Serializer for &mut core::fmt::Formatter>::serialize_unit_variant
                0x0000000000046820                <serde::__private::de::borrow_cow_bytes::CowBytesVisitor as serde::de::Visitor>::expecting
                0x0000000000046880                serde::__private::de::content::Content::as_str
                0x00000000000469d0                <serde::__private::de::content::ContentVisitor as serde::de::Visitor>::expecting
                0x0000000000046a30                <serde::__private::de::content::TagOrContentVisitor as serde::de::Visitor>::expecting
                0x0000000000046ae0                <serde::__private::de::content::TagOrContentFieldVisitor as serde::de::Visitor>::expecting
                0x0000000000046ba0                <serde::__private::de::content::TagContentOtherFieldVisitor as serde::de::Visitor>::expecting
                0x0000000000046c60                <serde::__private::de::content::UntaggedUnitVisitor as serde::de::Visitor>::expecting
                0x0000000000046c60                <serde::__private::de::content::InternallyTaggedUnitVisitor as serde::de::Visitor>::expecting
                0x0000000000046d20                serde::__private::de::flat_map_take_entry
                0x0000000000047080                <serde::__private::ser::Unsupported as core::fmt::Display>::fmt
                0x00000000000473b0                <serde::__private::doc::Error as core::error::Error>::description
                0x0000000000047400                <serde::__private::doc::Error as core::fmt::Display>::fmt
                0x0000000000047450                serde::__private::string::from_utf8_lossy
                0x00000000000474b0                <serde::de::impls::<impl serde::de::Deserialize for core::num::nonzero::NonZero<i8>>::deserialize::NonZeroVisitor as serde::de::Visitor>::expecting
                0x0000000000047510                <serde::de::impls::<impl serde::de::Deserialize for i8>::deserialize::PrimitiveVisitor as serde::de::Visitor>::expecting
                0x0000000000047570                <serde::de::impls::<impl serde::de::Deserialize for core::num::nonzero::NonZero<i16>>::deserialize::NonZeroVisitor as serde::de::Visitor>::expecting
                0x00000000000475d0                <serde::de::impls::<impl serde::de::Deserialize for i16>::deserialize::PrimitiveVisitor as serde::de::Visitor>::expecting
                0x0000000000047630                <serde::de::impls::<impl serde::de::Deserialize for core::num::nonzero::NonZero<i32>>::deserialize::NonZeroVisitor as serde::de::Visitor>::expecting
                0x0000000000047690                <serde::de::impls::<impl serde::de::Deserialize for i32>::deserialize::PrimitiveVisitor as serde::de::Visitor>::expecting
                0x00000000000476f0                <serde::de::impls::<impl serde::de::Deserialize for core::num::nonzero::NonZero<i64>>::deserialize::NonZeroVisitor as serde::de::Visitor>::expecting
                0x0000000000047750                <serde::de::impls::<impl serde::de::Deserialize for i64>::deserialize::PrimitiveVisitor as serde::de::Visitor>::expecting
                0x00000000000477b0                <serde::de::impls::<impl serde::de::Deserialize for core::num::nonzero::NonZero<isize>>::deserialize::NonZeroVisitor as serde::de::Visitor>::expecting
                0x0000000000047810                <serde::de::impls::<impl serde::de::Deserialize for isize>::deserialize::PrimitiveVisitor as serde::de::Visitor>::expecting
                0x0000000000047870                <serde::de::impls::<impl serde::de::Deserialize for core::num::nonzero::NonZero<u8>>::deserialize::NonZeroVisitor as serde::de::Visitor>::expecting
                0x00000000000478d0                <serde::de::impls::<impl serde::de::Deserialize for u8>::deserialize::PrimitiveVisitor as serde::de::Visitor>::expecting
                0x0000000000047930                <serde::de::impls::<impl serde::de::Deserialize for core::num::nonzero::NonZero<u16>>::deserialize::NonZeroVisitor as serde::de::Visitor>::expecting
                0x0000000000047990                <serde::de::impls::<impl serde::de::Deserialize for u16>::deserialize::PrimitiveVisitor as serde::de::Visitor>::expecting
                0x00000000000479f0                <serde::de::impls::<impl serde::de::Deserialize for core::num::nonzero::NonZero<u32>>::deserialize::NonZeroVisitor as serde::de::Visitor>::expecting
                0x0000000000047a50                <serde::de::impls::<impl serde::de::Deserialize for u32>::deserialize::PrimitiveVisitor as serde::de::Visitor>::expecting
                0x0000000000047ab0                <serde::de::impls::<impl serde::de::Deserialize for core::num::nonzero::NonZero<u64>>::deserialize::NonZeroVisitor as serde::de::Visitor>::expecting
                0x0000000000047b10                <serde::de::impls::<impl serde::de::Deserialize for u64>::deserialize::PrimitiveVisitor as serde::de::Visitor>::expecting
                0x0000000000047b70                <serde::de::impls::<impl serde::de::Deserialize for core::num::nonzero::NonZero<usize>>::deserialize::NonZeroVisitor as serde::de::Visitor>::expecting
                0x0000000000047bd0                <serde::de::impls::<impl serde::de::Deserialize for usize>::deserialize::PrimitiveVisitor as serde::de::Visitor>::expecting
                0x0000000000047c30                <serde::de::impls::<impl serde::de::Deserialize for f32>::deserialize::PrimitiveVisitor as serde::de::Visitor>::expecting
                0x0000000000047c90                <serde::de::impls::<impl serde::de::Deserialize for f64>::deserialize::PrimitiveVisitor as serde::de::Visitor>::expecting
                0x0000000000047cf0                <serde::de::impls::<impl serde::de::Deserialize for core::num::nonzero::NonZero<i128>>::deserialize::NonZeroVisitor as serde::de::Visitor>::expecting
                0x0000000000047d50                <serde::de::impls::<impl serde::de::Deserialize for i128>::deserialize::PrimitiveVisitor as serde::de::Visitor>::expecting
                0x0000000000047db0                <serde::de::impls::<impl serde::de::Deserialize for core::num::nonzero::NonZero<u128>>::deserialize::NonZeroVisitor as serde::de::Visitor>::expecting
                0x0000000000047e10                <serde::de::impls::<impl serde::de::Deserialize for u128>::deserialize::PrimitiveVisitor as serde::de::Visitor>::expecting
                0x0000000000047e70                <serde::de::impls::<impl serde::de::Deserialize for core::net::ip_addr::IpAddr>::deserialize::EnumVisitor as serde::de::Visitor>::expecting
                0x0000000000047ed0                <<serde::de::impls::<impl serde::de::Deserialize for core::net::ip_addr::IpAddr>::deserialize::IpAddrKind as serde::de::Deserialize>::deserialize::KindVisitor as serde::de::Visitor>::expecting
                0x0000000000047ed0                <<serde::de::impls::<impl serde::de::Deserialize for core::net::socket_addr::SocketAddr>::deserialize::SocketAddrKind as serde::de::Deserialize>::deserialize::KindVisitor as serde::de::Visitor>::expecting
                0x0000000000047f30                <serde::de::impls::<impl serde::de::Deserialize for core::net::socket_addr::SocketAddr>::deserialize::EnumVisitor as serde::de::Visitor>::expecting
                0x0000000000047f90                <<serde::de::impls::OsStringKind as serde::de::Deserialize>::deserialize::KindVisitor as serde::de::Visitor>::expecting
                0x0000000000047ff0                serde::ser::fmt::<impl serde::ser::Serializer for &mut core::fmt::Formatter>::serialize_bool
                0x0000000000048050                serde::ser::fmt::<impl serde::ser::Serializer for &mut core::fmt::Formatter>::serialize_i8
                0x00000000000480b0                serde::ser::fmt::<impl serde::ser::Serializer for &mut core::fmt::Formatter>::serialize_i16
                0x0000000000048110                serde::ser::fmt::<impl serde::ser::Serializer for &mut core::fmt::Formatter>::serialize_i32
                0x0000000000048170                serde::ser::fmt::<impl serde::ser::Serializer for &mut core::fmt::Formatter>::serialize_i64
                0x00000000000481d0                serde::ser::fmt::<impl serde::ser::Serializer for &mut core::fmt::Formatter>::serialize_i128
                0x0000000000048240                serde::ser::fmt::<impl serde::ser::Serializer for &mut core::fmt::Formatter>::serialize_u8
                0x00000000000482a0                serde::ser::fmt::<impl serde::ser::Serializer for &mut core::fmt::Formatter>::serialize_u16
                0x0000000000048300                serde::ser::fmt::<impl serde::ser::Serializer for &mut core::fmt::Formatter>::serialize_u32
                0x0000000000048360                serde::ser::fmt::<impl serde::ser::Serializer for &mut core::fmt::Formatter>::serialize_u64
                0x00000000000483c0                serde::ser::fmt::<impl serde::ser::Serializer for &mut core::fmt::Formatter>::serialize_u128
                0x0000000000048430                serde::ser::fmt::<impl serde::ser::Serializer for &mut core::fmt::Formatter>::serialize_f32
                0x00000000000484a0                serde::ser::fmt::<impl serde::ser::Serializer for &mut core::fmt::Formatter>::serialize_f64
                0x0000000000048510                serde::ser::fmt::<impl serde::ser::Serializer for &mut core::fmt::Formatter>::serialize_char
                0x0000000000048570                serde::ser::fmt::<impl serde::ser::Serializer for &mut core::fmt::Formatter>::serialize_str
                0x0000000000048570                serde::ser::fmt::<impl serde::ser::Serializer for &mut core::fmt::Formatter>::serialize_unit_struct
 *fill*         0x00000000000485cd        0x3 
 .text          0x00000000000485d0      0x6f7 /tmp/tmp.DT10IdVcUc.o
                0x0000000000048970                __rust_panic_cleanup
                0x0000000000048ae0                __rust_start_panic
 *fill*         0x0000000000048cc7        0x9 
 .text          0x0000000000048cd0     0x3938 /tmp/tmp.MV2ltKXsE6.o
                0x0000000000049020                ryu::pretty::format64
                0x000000000004a800                ryu::pretty::format32
 *fill*         0x000000000004c608        0x8 
 .text          0x000000000004c610     0x18b7 /tmp/tmp.SmfodmEvzV.o
                0x000000000004c610                std::io::error::Error::new
                0x000000000004ca50                <getrandom::error::Error as core::fmt::Debug>::fmt
                0x000000000004cfa0                <getrandom::error::Error as core::fmt::Display>::fmt
                0x000000000004d4e0                getrandom::error_impls::<impl core::convert::From<getrandom::error::Error> for std::io::error::Error>::from
                0x000000000004d5c0                getrandom::imp::getrandom_inner
 *fill*         0x000000000004dec7        0x9 
 .text          0x000000000004ded0      0x4cb /tmp/tmp.xDApcbinSs.o
                0x000000000004df20                std_detect::detect::arch::x86::Feature::to_str
 *fill*         0x000000000004e39b        0x5 
 .text          0x000000000004e3a0     0x6f1a /tmp/tmp.3yfg0AvtbN.o
                0x0000000000050ad0                alloc::raw_vec::RawVec<T,A>::grow_one
                0x0000000000050d70                anyhow::chain::<impl core::iter::traits::iterator::Iterator for anyhow::Chain>::next
                0x0000000000050ed0                anyhow::chain::<impl core::iter::traits::iterator::Iterator for anyhow::Chain>::size_hint
                0x0000000000051080                anyhow::chain::<impl core::iter::traits::double_ended::DoubleEndedIterator for anyhow::Chain>::next_back
                0x0000000000051500                anyhow::chain::<impl core::iter::traits::exact_size::ExactSizeIterator for anyhow::Chain>::len
                0x0000000000051670                anyhow::chain::<impl core::default::Default for anyhow::Chain>::default
                0x00000000000516d0                <anyhow::context::Quoted<&mut core::fmt::Formatter> as core::fmt::Write>::write_str
                0x0000000000051750                <anyhow::ensure::Buf as core::fmt::Write>::write_str
                0x00000000000518b0                anyhow::ensure::render
                0x0000000000051fc0                anyhow::error::<impl anyhow::Error>::backtrace
                0x00000000000520f0                anyhow::error::<impl anyhow::Error>::root_cause
                0x00000000000521e0                anyhow::error::<impl anyhow::Error>::provide
                0x0000000000052350                anyhow::error::<impl anyhow::Error>::thiserror_provide
                0x00000000000524c0                anyhow::error::<impl core::ops::deref::Deref for anyhow::Error>::deref
                0x00000000000524c0                anyhow::error::<impl core::ops::deref::DerefMut for anyhow::Error>::deref_mut
                0x0000000000052520                anyhow::error::<impl core::fmt::Display for anyhow::Error>::fmt
                0x0000000000052d90                anyhow::error::<impl core::fmt::Debug for anyhow::Error>::fmt
                0x0000000000052df0                anyhow::error::<impl core::ops::drop::Drop for anyhow::Error>::drop
                0x0000000000053750                anyhow::error::ErrorImpl::error
                0x00000000000537b0                anyhow::error::ErrorImpl::provide
                0x0000000000053b50                anyhow::error::<impl core::convert::From<anyhow::Error> for alloc::boxed::Box<dyn core::error::Error+core::marker::Send>>::from
                0x0000000000053b50                anyhow::error::<impl core::convert::From<anyhow::Error> for alloc::boxed::Box<dyn core::error::Error>>::from
                0x0000000000053bb0                anyhow::error::<impl core::convert::AsRef<dyn core::error::Error+core::marker::Sync+core::marker::Send> for anyhow::Error>::as_ref
                0x0000000000053bb0                anyhow::error::<impl core::convert::AsRef<dyn core::error::Error> for anyhow::Error>::as_ref
                0x0000000000053c10                anyhow::fmt::<impl anyhow::error::ErrorImpl>::debug
                0x0000000000055140                <anyhow::wrapper::BoxedError as core::fmt::Debug>::fmt
                0x00000000000551a0                <anyhow::wrapper::BoxedError as core::fmt::Display>::fmt
                0x0000000000055200                <anyhow::wrapper::BoxedError as core::error::Error>::source
                0x0000000000055260                <anyhow::wrapper::BoxedError as core::error::Error>::provide
 *fill*         0x00000000000552ba        0x6 
 .text          0x00000000000552c0     0xd555 /tmp/tmp.p674yhL07q.o
                0x0000000000061370                entry_point
                0x00000000000627d0                help
 *fill*         0x0000000000062815        0xb 
 .text          0x0000000000062820      0x64f /tmp/tmp.Rx0nHeyurj.o
                0x0000000000062950                <hashbrown::control::tag::Tag as core::fmt::Debug>::fmt
                0x0000000000062ac0                hashbrown::raw::Fallibility::capacity_overflow
                0x0000000000062b40                hashbrown::raw::Fallibility::alloc_err
                0x0000000000062ba0                hashbrown::raw::RawIterHashInner::new
                0x0000000000062c40                <hashbrown::raw::RawIterHashInner as core::iter::traits::iterator::Iterator>::next
 *fill*         0x0000000000062e6f        0x1 
 .text          0x0000000000062e70     0xc5e1 /tmp/tmp.smasIx7P14.o
                0x0000000000065200                core::slice::sort::stable::driftsort_main
                0x0000000000066440                core::slice::sort::stable::quicksort::quicksort
                0x0000000000067e70                alloc::raw_vec::RawVec<T,A>::grow_one
                0x0000000000068000                alloc::raw_vec::RawVec<T,A>::grow_one
                0x0000000000068190                alloc::raw_vec::RawVec<T,A>::grow_one
                0x0000000000069ab0                tig_challenges::vehicle_routing::Challenge::generate_instance
                0x000000000006e1b0                tig_challenges::vehicle_routing::Challenge::evaluate_total_distance
                0x000000000006ec90                <<tig_challenges::vehicle_routing::Track as serde::de::Deserialize>::deserialize::VisitorImpl as serde::de::Visitor>::expecting
                0x000000000006ece0                <<tig_challenges::vehicle_routing::Solution as serde::de::Deserialize>::deserialize::VisitorImpl as serde::de::Visitor>::expecting
                0x000000000006ed30                <tig_challenges::vehicle_routing::_::<impl serde::de::Deserialize for tig_challenges::vehicle_routing::SolutionData>::deserialize::__Visitor as serde::de::Visitor>::expecting
                0x000000000006ed80                <tig_challenges::vehicle_routing::_::<impl serde::de::Deserialize for tig_challenges::vehicle_routing::SolutionData>::deserialize::__FieldVisitor as serde::de::Visitor>::expecting
                0x000000000006ed80                <tig_challenges::vehicle_routing::_::<impl serde::de::Deserialize for tig_challenges::vehicle_routing::Challenge>::deserialize::__FieldVisitor as serde::de::Visitor>::expecting
                0x000000000006edd0                <tig_challenges::vehicle_routing::_::<impl serde::de::Deserialize for tig_challenges::vehicle_routing::Challenge>::deserialize::__Visitor as serde::de::Visitor>::expecting
                0x000000000006f3d0                __check_fuel
                0x000000000006f400                __commit_tls
 *fill*         0x000000000006f451        0xf 
 .text          0x000000000006f460    0x18615 /tmp/tmp.wz6HNAPI4g.o
                0x0000000000072150                <rustc_demangle::legacy::Demangle as core::fmt::Display>::fmt
                0x0000000000074af0                <rustc_demangle::v0::Demangle as core::fmt::Display>::fmt
                0x0000000000074b80                <rustc_demangle::v0::Ident as core::fmt::Display>::fmt
                0x0000000000084760                rustc_demangle::demangle
                0x0000000000087320                rustc_demangle::try_demangle
                0x00000000000873f0                <rustc_demangle::DemangleStyle as core::fmt::Display>::fmt
                0x00000000000875b0                <rustc_demangle::Demangle as core::fmt::Display>::fmt
                0x00000000000879c0                <rustc_demangle::Demangle as core::fmt::Debug>::fmt
 *fill*         0x0000000000087a75        0xb 
 .text          0x0000000000087a80     0xf108 /tmp/tmp.i0m25Y2zBH.o
                0x0000000000088020                alloc::raw_vec::RawVec<T,A>::grow_one
                0x0000000000088230                alloc::alloc::handle_alloc_error::ct_error
                0x00000000000882a0                __rdl_oom
                0x0000000000088410                <alloc::boxed::convert::<impl core::convert::From<alloc::string::String> for alloc::boxed::Box<dyn core::error::Error+core::marker::Sync+core::marker::Send>>::from::StringError as core::error::Error>::description
                0x0000000000088470                <alloc::boxed::convert::<impl core::convert::From<alloc::string::String> for alloc::boxed::Box<dyn core::error::Error+core::marker::Sync+core::marker::Send>>::from::StringError as core::fmt::Display>::fmt
                0x00000000000884d0                <alloc::boxed::convert::<impl core::convert::From<alloc::string::String> for alloc::boxed::Box<dyn core::error::Error+core::marker::Sync+core::marker::Send>>::from::StringError as core::fmt::Debug>::fmt
                0x0000000000088530                alloc::boxed::convert::<impl core::convert::From<alloc::string::String> for alloc::boxed::Box<dyn core::error::Error>>::from
                0x00000000000886b0                alloc::boxed::convert::<impl core::convert::From<&str> for alloc::boxed::Box<dyn core::error::Error>>::from
                0x0000000000088940                alloc::boxed::convert::<impl core::convert::From<alloc::borrow::Cow<str>> for alloc::boxed::Box<dyn core::error::Error+core::marker::Sync+core::marker::Send>>::from
                0x0000000000088c90                alloc::boxed::convert::<impl core::convert::From<alloc::borrow::Cow<str>> for alloc::boxed::Box<dyn core::error::Error>>::from
                0x0000000000088fe0                <alloc::boxed::Box<str> as core::clone::Clone>::clone
                0x0000000000089190                <alloc::borrow::Cow<str> as core::ops::arith::AddAssign<&str>>::add_assign
                0x0000000000089830                <alloc::borrow::Cow<str> as core::ops::arith::AddAssign>::add_assign
                0x0000000000089ef0                <alloc::collections::btree::map::UnorderedKeyError as core::fmt::Display>::fmt
                0x0000000000089f50                <alloc::collections::btree::mem::replace::PanicGuard as core::ops::drop::Drop>::drop
                0x0000000000089f90                <alloc::collections::TryReserveError as core::fmt::Display>::fmt
                0x000000000008a060                alloc::ffi::c_str::FromVecWithNulError::as_bytes
                0x000000000008a0c0                <&str as alloc::ffi::c_str::CString::new::SpecNewImpl>::spec_new_impl
                0x000000000008a0c0                <&[u8] as alloc::ffi::c_str::CString::new::SpecNewImpl>::spec_new_impl
                0x000000000008a4c0                <&mut [u8] as alloc::ffi::c_str::CString::new::SpecNewImpl>::spec_new_impl
                0x000000000008a8c0                alloc::ffi::c_str::CString::from_vec_unchecked
                0x000000000008a930                alloc::ffi::c_str::CString::_from_vec_unchecked
                0x000000000008add0                alloc::ffi::c_str::CString::from_raw
                0x000000000008ae30                alloc::ffi::c_str::CString::into_string
                0x000000000008b0d0                alloc::ffi::c_str::CString::into_bytes
                0x000000000008b140                alloc::ffi::c_str::CString::into_bytes_with_nul
                0x000000000008b140                <alloc::string::String as core::convert::From<alloc::boxed::Box<str>>>::from
                0x000000000008b1a0                alloc::string::<impl core::convert::From<alloc::string::String> for alloc::boxed::Box<str>>::from
                0x000000000008b1a0                alloc::ffi::c_str::CString::from_vec_with_nul_unchecked
                0x000000000008b3b0                alloc::ffi::c_str::CString::from_vec_with_nul
                0x000000000008b840                <alloc::ffi::c_str::CString as core::fmt::Debug>::fmt
                0x000000000008b8a0                <alloc::ffi::c_str::CString as core::default::Default>::default
                0x000000000008b970                alloc::ffi::c_str::<impl alloc::borrow::ToOwned for core::ffi::c_str::CStr>::to_owned
                0x000000000008b970                alloc::ffi::c_str::<impl core::convert::From<&core::ffi::c_str::CStr> for alloc::boxed::Box<core::ffi::c_str::CStr>>::from
                0x000000000008bb10                alloc::ffi::c_str::<impl core::default::Default for alloc::boxed::Box<core::ffi::c_str::CStr>>::default
                0x000000000008bbe0                <alloc::ffi::c_str::NulError as core::fmt::Display>::fmt
                0x000000000008bc90                <alloc::ffi::c_str::FromVecWithNulError as core::fmt::Display>::fmt
                0x000000000008bda0                <alloc::ffi::c_str::IntoStringError as core::fmt::Display>::fmt
                0x000000000008be00                alloc::ffi::c_str::<impl alloc::borrow::ToOwned for core::ffi::c_str::CStr>::clone_into
                0x000000000008c140                <alloc::ffi::c_str::CString as core::convert::From<&core::ffi::c_str::CStr>>::from
                0x000000000008c140                alloc::ffi::c_str::<impl core::convert::From<&mut core::ffi::c_str::CStr> for alloc::boxed::Box<core::ffi::c_str::CStr>>::from
                0x000000000008c2e0                alloc::ffi::c_str::<impl core::ffi::c_str::CStr>::to_string_lossy
                0x000000000008c340                alloc::ffi::c_str::CString::into_boxed_c_str
                0x000000000008c340                alloc::ffi::c_str::<impl core::ffi::c_str::CStr>::into_c_string
                0x000000000008c360                alloc::fmt::format::format_inner
                0x000000000008c8f0                alloc::rc::rc_inner_layout_for_value_layout
                0x000000000008ca10                alloc::str::<impl str>::to_lowercase
                0x000000000008ed10                alloc::str::<impl str>::to_uppercase
                0x0000000000090610                alloc::string::String::from_utf8_lossy
                0x0000000000090ca0                alloc::string::String::from_utf8_lossy_owned
                0x0000000000090eb0                alloc::string::String::from_utf16
                0x0000000000091720                alloc::string::String::from_utf16le
                0x0000000000092310                alloc::string::String::from_utf16le_lossy
                0x0000000000092f70                alloc::string::String::from_utf16be
                0x0000000000093a90                alloc::string::String::from_utf16be_lossy
                0x0000000000094490                alloc::string::String::into_raw_parts
                0x00000000000944f0                alloc::string::String::try_reserve
                0x0000000000094780                alloc::string::String::try_reserve_exact
                0x00000000000949f0                alloc::string::String::insert_bytes
                0x0000000000094b00                alloc::string::FromUtf8Error::as_bytes
                0x0000000000094b60                alloc::string::FromUtf8Error::into_utf8_lossy
                0x0000000000095150                <alloc::string::FromUtf8Error as core::fmt::Display>::fmt
                0x00000000000951b0                <alloc::string::FromUtf16Error as core::fmt::Display>::fmt
                0x0000000000095210                <alloc::string::String as core::clone::Clone>::clone
                0x00000000000953c0                <alloc::string::String as core::clone::Clone>::clone_from
                0x0000000000095da0                <&alloc::string::String as core::str::pattern::Pattern>::into_searcher
                0x0000000000095e10                <alloc::string::String as core::convert::From<alloc::borrow::Cow<str>>>::from
                0x00000000000964b0                <alloc::string::IntoChars as core::fmt::Debug>::fmt
                0x0000000000096560                <alloc::string::Drain as core::fmt::Debug>::fmt
                0x0000000000096610                <alloc::string::Drain as core::ops::drop::Drop>::drop
                0x0000000000096790                alloc::string::Drain::as_str
                0x00000000000967f0                <alloc::string::Drain as core::convert::AsRef<[u8]>>::as_ref
                0x00000000000967f0                <alloc::string::Drain as core::convert::AsRef<str>>::as_ref
                0x0000000000096850                <alloc::string::Drain as core::iter::traits::iterator::Iterator>::size_hint
                0x00000000000968c0                alloc::sync::arcinner_layout_for_value_layout
                0x00000000000969e0                <alloc::vec::Vec<u8> as core::convert::From<&str>>::from
 *fill*         0x0000000000096b88        0x8 
 .text          0x0000000000096b90     0x618d /tmp/tmp.I1DBKE5YjI.o
                0x0000000000096b90                rand_chacha::chacha::abstract20::<impl core::convert::From<&rand_chacha::chacha::abstract20::ChaCha20Rng> for rand_chacha::chacha::ChaCha20Rng>::from
                0x00000000000974f0                rand_chacha::chacha::abstract12::<impl core::convert::From<&rand_chacha::chacha::abstract12::ChaCha12Rng> for rand_chacha::chacha::ChaCha12Rng>::from
                0x0000000000097e50                <rand_chacha::chacha::ChaCha12Core as core::fmt::Debug>::fmt
                0x0000000000097e50                <rand_chacha::chacha::ChaCha20Core as core::fmt::Debug>::fmt
                0x0000000000097e50                <rand_chacha::chacha::ChaCha8Core as core::fmt::Debug>::fmt
                0x0000000000097eb0                <rand_chacha::chacha::ChaCha20Rng as core::convert::From<rand_chacha::chacha::ChaCha20Core>>::from
                0x0000000000097eb0                <rand_chacha::chacha::ChaCha12Rng as core::convert::From<rand_chacha::chacha::ChaCha12Core>>::from
                0x0000000000097eb0                <rand_chacha::chacha::ChaCha8Rng as core::convert::From<rand_chacha::chacha::ChaCha8Core>>::from
                0x0000000000097fb0                <rand_chacha::chacha::ChaCha8Rng as core::cmp::PartialEq>::eq
                0x0000000000097fb0                <rand_chacha::chacha::ChaCha20Rng as core::cmp::PartialEq>::eq
                0x0000000000097fb0                <rand_chacha::chacha::ChaCha12Rng as core::cmp::PartialEq>::eq
                0x0000000000098110                <rand_chacha::chacha::abstract12::ChaCha12Rng as core::convert::From<&rand_chacha::chacha::ChaCha12Rng>>::from
                0x0000000000098110                <rand_chacha::chacha::abstract20::ChaCha20Rng as core::convert::From<&rand_chacha::chacha::ChaCha20Rng>>::from
                0x0000000000098110                <rand_chacha::chacha::abstract8::ChaCha8Rng as core::convert::From<&rand_chacha::chacha::ChaCha8Rng>>::from
                0x00000000000985a0                rand_chacha::chacha::abstract8::<impl core::convert::From<&rand_chacha::chacha::abstract8::ChaCha8Rng> for rand_chacha::chacha::ChaCha8Rng>::from
                0x0000000000098f00                rand_chacha::guts::refill_wide
                0x000000000009be40                rand_chacha::guts::set_stream_param
                0x000000000009c300                rand_chacha::guts::get_stream_param
                0x000000000009c660                rand_chacha::guts::get_seed
                0x000000000009c840                rand_chacha::guts::init_chacha
 *fill*         0x000000000009cd1d        0x3 
 .text          0x000000000009cd20    0x25011 /tmp/tmp.X1fXoU9TL9.o
                0x000000000009d3c0                std::io::error::Error::new
                0x00000000000a4960                alloc::raw_vec::RawVec<T,A>::grow_one
                0x00000000000a53e0                serde_json::de::ParserNumber::invalid_type
                0x00000000000a6e60                serde_json::de::<impl core::str::traits::FromStr for serde_json::number::Number>::from_str
                0x00000000000a77a0                serde_json::error::Error::io_error_kind
                0x00000000000a79f0                serde_json::error::<impl core::convert::From<serde_json::error::Error> for std::io::error::Error>::from
                0x00000000000a7b00                <serde_json::error::ErrorCode as core::fmt::Display>::fmt
                0x00000000000a81a0                <serde_json::error::Error as core::error::Error>::source
                0x00000000000a8240                <serde_json::error::Error as core::fmt::Display>::fmt
                0x00000000000a8390                <serde_json::error::ErrorImpl as core::fmt::Display>::fmt
                0x00000000000a84e0                <serde_json::error::Error as core::fmt::Debug>::fmt
                0x00000000000a8890                <serde_json::error::JsonUnexpected as core::fmt::Display>::fmt
                0x00000000000a8b20                serde_json::error::make_error
                0x00000000000aa960                <<serde_json::map::Map<alloc::string::String,serde_json::value::Value> as serde::de::Deserialize>::deserialize::Visitor as serde::de::Visitor>::expecting
                0x00000000000aa9c0                serde_json::map::Entry::key
                0x00000000000aaa50                serde_json::map::Entry::or_insert
                0x00000000000ab330                serde_json::ser::key_must_be_a_string
                0x00000000000ab330                serde_json::value::ser::key_must_be_a_string
                0x00000000000ab390                serde_json::ser::float_key_must_be_finite
                0x00000000000ab3f0                <serde_json::value::Value as core::fmt::Debug>::fmt
                0x00000000000ab8c0                <serde_json::value::Value as core::fmt::Display>::fmt
                0x00000000000abae0                <<serde_json::value::Value as core::fmt::Display>::fmt::WriterFormatter as std::io::Write>::write
                0x00000000000abba0                serde_json::value::Value::pointer
                0x00000000000ac650                serde_json::value::Value::pointer_mut
                0x00000000000b1350                <serde_json::value::de::<impl serde::de::Deserialize for serde_json::value::Value>::deserialize::ValueVisitor as serde::de::Visitor>::expecting
                0x00000000000b13b0                serde_json::value::de::<impl core::str::traits::FromStr for serde_json::value::Value>::from_str
                0x00000000000b18e0                <serde_json::value::de::VariantDeserializer as serde::de::VariantAccess>::unit_variant
                0x00000000000b1a10                serde_json::value::de::SeqDeserializer::new
                0x00000000000b1a80                <serde_json::value::de::SeqDeserializer as serde::de::SeqAccess>::size_hint
                0x00000000000b1ae0                serde_json::value::de::MapDeserializer::new
                0x00000000000b1b80                <serde_json::value::de::VariantRefDeserializer as serde::de::VariantAccess>::unit_variant
                0x00000000000b1c80                <serde_json::value::de::SeqRefDeserializer as serde::de::SeqAccess>::size_hint
                0x00000000000b1ce0                <serde_json::value::de::KeyClassifier as serde::de::Visitor>::expecting
                0x00000000000b1d40                serde_json::value::from::<impl core::convert::From<f32> for serde_json::value::Value>::from
                0x00000000000b1e90                serde_json::value::from::<impl core::convert::From<f64> for serde_json::value::Value>::from
                0x00000000000b1ff0                serde_json::value::from::<impl core::convert::From<&str> for serde_json::value::Value>::from
                0x00000000000b21a0                serde_json::value::from::<impl core::convert::From<alloc::borrow::Cow<str>> for serde_json::value::Value>::from
                0x00000000000b23d0                <usize as serde_json::value::index::Index>::index_or_insert
                0x00000000000b25f0                <str as serde_json::value::index::Index>::index_into
                0x00000000000b28d0                <str as serde_json::value::index::Index>::index_into_mut
                0x00000000000b2bb0                <str as serde_json::value::index::Index>::index_or_insert
                0x00000000000b3280                <alloc::string::String as serde_json::value::index::Index>::index_into
                0x00000000000b3570                <alloc::string::String as serde_json::value::index::Index>::index_into_mut
                0x00000000000b3860                <alloc::string::String as serde_json::value::index::Index>::index_or_insert
                0x00000000000b38c0                <serde_json::value::index::Type as core::fmt::Display>::fmt
                0x00000000000b3a70                serde_json::value::partial_eq::<impl core::cmp::PartialEq<str> for serde_json::value::Value>::eq
                0x00000000000b3b20                serde_json::value::partial_eq::<impl core::cmp::PartialEq<&str> for serde_json::value::Value>::eq
                0x00000000000b3bd0                serde_json::value::partial_eq::<impl core::cmp::PartialEq<serde_json::value::Value> for str>::eq
                0x00000000000b3c80                serde_json::value::partial_eq::<impl core::cmp::PartialEq<serde_json::value::Value> for &str>::eq
                0x00000000000b3d30                serde_json::value::partial_eq::<impl core::cmp::PartialEq<alloc::string::String> for serde_json::value::Value>::eq
                0x00000000000b3de0                serde_json::value::partial_eq::<impl core::cmp::PartialEq<serde_json::value::Value> for alloc::string::String>::eq
                0x00000000000b6720                <serde_json::value::ser::Serializer as serde::ser::Serializer>::serialize_i128
                0x00000000000b6880                <serde_json::value::ser::Serializer as serde::ser::Serializer>::serialize_u128
                0x00000000000b6960                <serde_json::value::ser::Serializer as serde::ser::Serializer>::serialize_bytes
                0x00000000000b6d00                <serde_json::value::ser::Serializer as serde::ser::Serializer>::serialize_seq
                0x00000000000b6ec0                <serde_json::value::ser::Serializer as serde::ser::Serializer>::serialize_tuple
                0x00000000000b7080                <serde_json::value::ser::Serializer as serde::ser::Serializer>::serialize_tuple_struct
                0x00000000000b7240                <serde_json::value::ser::Serializer as serde::ser::Serializer>::serialize_tuple_variant
                0x00000000000b75a0                <serde_json::value::ser::Serializer as serde::ser::Serializer>::serialize_struct_variant
                0x00000000000b7760                <serde_json::value::ser::SerializeTupleVariant as serde::ser::SerializeTupleVariant>::end
                0x00000000000b78e0                <serde_json::value::ser::SerializeMap as serde::ser::SerializeMap>::end
                0x00000000000b79c0                <serde_json::value::ser::MapKeySerializer as serde::ser::Serializer>::serialize_bool
                0x00000000000b7b00                <serde_json::value::ser::MapKeySerializer as serde::ser::Serializer>::serialize_i8
                0x00000000000b7e60                <serde_json::value::ser::MapKeySerializer as serde::ser::Serializer>::serialize_i16
                0x00000000000b8050                <serde_json::value::ser::MapKeySerializer as serde::ser::Serializer>::serialize_i32
                0x00000000000b8240                <serde_json::value::ser::MapKeySerializer as serde::ser::Serializer>::serialize_i64
                0x00000000000b8430                <serde_json::value::ser::MapKeySerializer as serde::ser::Serializer>::serialize_u8
                0x00000000000b8760                <serde_json::value::ser::MapKeySerializer as serde::ser::Serializer>::serialize_u16
                0x00000000000b8950                <serde_json::value::ser::MapKeySerializer as serde::ser::Serializer>::serialize_u32
                0x00000000000b8b40                <serde_json::value::ser::MapKeySerializer as serde::ser::Serializer>::serialize_u64
                0x00000000000b8d30                <serde_json::value::ser::MapKeySerializer as serde::ser::Serializer>::serialize_f32
                0x00000000000b8f90                <serde_json::value::ser::MapKeySerializer as serde::ser::Serializer>::serialize_f64
                0x00000000000b9200                <serde_json::value::ser::MapKeySerializer as serde::ser::Serializer>::serialize_bytes
                0x00000000000b9200                <serde_json::value::ser::MapKeySerializer as serde::ser::Serializer>::serialize_unit_struct
                0x00000000000b9270                <serde_json::value::ser::MapKeySerializer as serde::ser::Serializer>::serialize_none
                0x00000000000b9270                <serde_json::value::ser::MapKeySerializer as serde::ser::Serializer>::serialize_unit
                0x00000000000b92e0                <serde_json::value::ser::MapKeySerializer as serde::ser::Serializer>::serialize_tuple
                0x00000000000b9340                <serde_json::value::ser::MapKeySerializer as serde::ser::Serializer>::serialize_struct_variant
                0x00000000000b9340                <serde_json::value::ser::MapKeySerializer as serde::ser::Serializer>::serialize_tuple_variant
                0x00000000000b93a0                <serde_json::value::ser::MapKeySerializer as serde::ser::Serializer>::serialize_seq
                0x00000000000b93a0                <serde_json::value::ser::MapKeySerializer as serde::ser::Serializer>::serialize_map
                0x00000000000b9400                <serde_json::value::ser::MapKeySerializer as serde::ser::Serializer>::serialize_struct
                0x00000000000b9400                <serde_json::value::ser::MapKeySerializer as serde::ser::Serializer>::serialize_tuple_struct
                0x00000000000b9460                <serde_json::value::ser::SerializeMap as serde::ser::SerializeStruct>::end
                0x00000000000b9540                <serde_json::value::ser::SerializeStructVariant as serde::ser::SerializeStructVariant>::end
                0x00000000000b96c0                <serde_json::number::Number as core::fmt::Display>::fmt
                0x00000000000b9cd0                <serde_json::number::Number as core::fmt::Debug>::fmt
                0x00000000000b9d80                <<serde_json::number::Number as serde::de::Deserialize>::deserialize::NumberVisitor as serde::de::Visitor>::expecting
                0x00000000000b9de0                <serde_json::read::SliceRead as serde_json::read::Read>::position
                0x00000000000ba090                <serde_json::read::SliceRead as serde_json::read::Read>::peek_position
                0x00000000000ba2e0                <serde_json::read::SliceRead as serde_json::read::Read>::parse_str
                0x00000000000bb2b0                <serde_json::read::SliceRead as serde_json::read::Read>::parse_str_raw
                0x00000000000bbba0                <serde_json::read::SliceRead as serde_json::read::Read>::ignore_str
                0x00000000000bc840                <serde_json::read::SliceRead as serde_json::read::Read>::decode_hex_escape
                0x00000000000bd060                <serde_json::read::StrRead as serde_json::read::Read>::position
                0x00000000000bd310                <serde_json::read::StrRead as serde_json::read::Read>::peek_position
                0x00000000000bd560                <serde_json::read::StrRead as serde_json::read::Read>::parse_str
                0x00000000000be020                <serde_json::read::StrRead as serde_json::read::Read>::parse_str_raw
                0x00000000000be080                <serde_json::read::StrRead as serde_json::read::Read>::ignore_str
                0x00000000000be0d0                <serde_json::read::StrRead as serde_json::read::Read>::decode_hex_escape
                0x00000000000bfb30                serde_json::read::parse_escape::encode_surrogate
                0x00000000000bfc40                serde_json::read::decode_hex_val
                0x00000000000bfcb0                serde_json::value::partial_eq::<impl core::cmp::PartialEq<i8> for serde_json::value::Value>::eq
                0x00000000000bfe00                serde_json::value::partial_eq::<impl core::cmp::PartialEq<serde_json::value::Value> for i8>::eq
                0x00000000000bff50                serde_json::value::partial_eq::<impl core::cmp::PartialEq<i8> for &serde_json::value::Value>::eq
                0x00000000000bff50                serde_json::value::partial_eq::<impl core::cmp::PartialEq<i8> for &mut serde_json::value::Value>::eq
                0x00000000000c00a0                serde_json::value::partial_eq::<impl core::cmp::PartialEq<i16> for serde_json::value::Value>::eq
                0x00000000000c01f0                serde_json::value::partial_eq::<impl core::cmp::PartialEq<serde_json::value::Value> for i16>::eq
                0x00000000000c0340                serde_json::value::partial_eq::<impl core::cmp::PartialEq<i16> for &mut serde_json::value::Value>::eq
                0x00000000000c0340                serde_json::value::partial_eq::<impl core::cmp::PartialEq<i16> for &serde_json::value::Value>::eq
                0x00000000000c0490                serde_json::value::partial_eq::<impl core::cmp::PartialEq<i32> for serde_json::value::Value>::eq
                0x00000000000c05e0                serde_json::value::partial_eq::<impl core::cmp::PartialEq<serde_json::value::Value> for i32>::eq
                0x00000000000c0730                serde_json::value::partial_eq::<impl core::cmp::PartialEq<i32> for &serde_json::value::Value>::eq
                0x00000000000c0730                serde_json::value::partial_eq::<impl core::cmp::PartialEq<i32> for &mut serde_json::value::Value>::eq
                0x00000000000c0880                serde_json::value::partial_eq::<impl core::cmp::PartialEq<i64> for serde_json::value::Value>::eq
                0x00000000000c0880                serde_json::value::partial_eq::<impl core::cmp::PartialEq<isize> for serde_json::value::Value>::eq
                0x00000000000c09d0                serde_json::value::partial_eq::<impl core::cmp::PartialEq<serde_json::value::Value> for isize>::eq
                0x00000000000c09d0                serde_json::value::partial_eq::<impl core::cmp::PartialEq<serde_json::value::Value> for i64>::eq
                0x00000000000c0b20                serde_json::value::partial_eq::<impl core::cmp::PartialEq<isize> for &mut serde_json::value::Value>::eq
                0x00000000000c0b20                serde_json::value::partial_eq::<impl core::cmp::PartialEq<i64> for &mut serde_json::value::Value>::eq
                0x00000000000c0b20                serde_json::value::partial_eq::<impl core::cmp::PartialEq<i64> for &serde_json::value::Value>::eq
                0x00000000000c0b20                serde_json::value::partial_eq::<impl core::cmp::PartialEq<isize> for &serde_json::value::Value>::eq
                0x00000000000c0c70                serde_json::value::partial_eq::<impl core::cmp::PartialEq<u8> for serde_json::value::Value>::eq
                0x00000000000c0ce0                serde_json::value::partial_eq::<impl core::cmp::PartialEq<serde_json::value::Value> for u8>::eq
                0x00000000000c0d50                serde_json::value::partial_eq::<impl core::cmp::PartialEq<u8> for &mut serde_json::value::Value>::eq
                0x00000000000c0d50                serde_json::value::partial_eq::<impl core::cmp::PartialEq<u8> for &serde_json::value::Value>::eq
                0x00000000000c0dc0                serde_json::value::partial_eq::<impl core::cmp::PartialEq<u16> for serde_json::value::Value>::eq
                0x00000000000c0e30                serde_json::value::partial_eq::<impl core::cmp::PartialEq<serde_json::value::Value> for u16>::eq
                0x00000000000c0ea0                serde_json::value::partial_eq::<impl core::cmp::PartialEq<u16> for &serde_json::value::Value>::eq
                0x00000000000c0ea0                serde_json::value::partial_eq::<impl core::cmp::PartialEq<u16> for &mut serde_json::value::Value>::eq
                0x00000000000c0f10                serde_json::value::partial_eq::<impl core::cmp::PartialEq<u32> for serde_json::value::Value>::eq
                0x00000000000c0f80                serde_json::value::partial_eq::<impl core::cmp::PartialEq<serde_json::value::Value> for u32>::eq
                0x00000000000c0ff0                serde_json::value::partial_eq::<impl core::cmp::PartialEq<u32> for &mut serde_json::value::Value>::eq
                0x00000000000c0ff0                serde_json::value::partial_eq::<impl core::cmp::PartialEq<u32> for &serde_json::value::Value>::eq
                0x00000000000c1060                serde_json::value::partial_eq::<impl core::cmp::PartialEq<u64> for serde_json::value::Value>::eq
                0x00000000000c1060                serde_json::value::partial_eq::<impl core::cmp::PartialEq<usize> for serde_json::value::Value>::eq
                0x00000000000c10d0                serde_json::value::partial_eq::<impl core::cmp::PartialEq<serde_json::value::Value> for usize>::eq
                0x00000000000c10d0                serde_json::value::partial_eq::<impl core::cmp::PartialEq<serde_json::value::Value> for u64>::eq
                0x00000000000c1140                serde_json::value::partial_eq::<impl core::cmp::PartialEq<usize> for &mut serde_json::value::Value>::eq
                0x00000000000c1140                serde_json::value::partial_eq::<impl core::cmp::PartialEq<u64> for &serde_json::value::Value>::eq
                0x00000000000c1140                serde_json::value::partial_eq::<impl core::cmp::PartialEq<usize> for &serde_json::value::Value>::eq
                0x00000000000c1140                serde_json::value::partial_eq::<impl core::cmp::PartialEq<u64> for &mut serde_json::value::Value>::eq
                0x00000000000c11b0                serde_json::value::partial_eq::<impl core::cmp::PartialEq<f32> for serde_json::value::Value>::eq
                0x00000000000c1380                serde_json::value::partial_eq::<impl core::cmp::PartialEq<serde_json::value::Value> for f32>::eq
                0x00000000000c1550                serde_json::value::partial_eq::<impl core::cmp::PartialEq<f32> for &serde_json::value::Value>::eq
                0x00000000000c1550                serde_json::value::partial_eq::<impl core::cmp::PartialEq<f32> for &mut serde_json::value::Value>::eq
                0x00000000000c1730                serde_json::value::partial_eq::<impl core::cmp::PartialEq<f64> for serde_json::value::Value>::eq
                0x00000000000c18d0                serde_json::value::partial_eq::<impl core::cmp::PartialEq<serde_json::value::Value> for f64>::eq
                0x00000000000c1a70                serde_json::value::partial_eq::<impl core::cmp::PartialEq<f64> for &serde_json::value::Value>::eq
                0x00000000000c1a70                serde_json::value::partial_eq::<impl core::cmp::PartialEq<f64> for &mut serde_json::value::Value>::eq
                0x00000000000c1c10                serde_json::value::partial_eq::<impl core::cmp::PartialEq<bool> for serde_json::value::Value>::eq
                0x00000000000c1c70                serde_json::value::partial_eq::<impl core::cmp::PartialEq<serde_json::value::Value> for bool>::eq
                0x00000000000c1cd0                serde_json::value::partial_eq::<impl core::cmp::PartialEq<bool> for &mut serde_json::value::Value>::eq
                0x00000000000c1cd0                serde_json::value::partial_eq::<impl core::cmp::PartialEq<bool> for &serde_json::value::Value>::eq
 *fill*         0x00000000000c1d31        0xf 
 .text          0x00000000000c1d40    0x1f0b7 /tmp/tmp.9VbFjmSMiR.o
                0x00000000000c2780                compiler_builtins::float::conv::int_to_float::u32_to_f128_bits
                0x00000000000c2840                compiler_builtins::float::conv::int_to_float::u64_to_f128_bits
                0x00000000000c2910                compiler_builtins::float::conv::int_to_float::u128_to_f128_bits
                0x00000000000c2a20                <compiler_builtins::int::big::u256 as core::ops::bit::Shr<u32>>::shr
                0x00000000000c2e90                compiler_builtins::int::big::<impl compiler_builtins::int::HInt for u128>::zero_widen_mul
                0x00000000000c2e90                compiler_builtins::int::big::<impl compiler_builtins::int::HInt for i128>::zero_widen_mul
                0x00000000000c2e90                compiler_builtins::int::big::<impl compiler_builtins::int::HInt for u128>::widen_mul
                0x00000000000c3040                compiler_builtins::int::big::<impl compiler_builtins::int::HInt for i128>::widen_mul
                0x00000000000c3080                compiler_builtins::int::big::<impl compiler_builtins::int::HInt for i128>::widen_hi
                0x00000000000c3080                compiler_builtins::int::big::<impl compiler_builtins::int::HInt for u128>::widen_hi
                0x00000000000c30c0                <compiler_builtins::int::big::u256 as compiler_builtins::int::DInt>::lo
                0x00000000000c30c0                <compiler_builtins::int::big::i256 as compiler_builtins::int::DInt>::lo
                0x00000000000c3120                <compiler_builtins::int::big::i256 as compiler_builtins::int::DInt>::hi
                0x00000000000c3120                <compiler_builtins::int::big::u256 as compiler_builtins::int::DInt>::hi
                0x00000000000c3860                compiler_builtins::float::add::__addsf3
                0x00000000000c4090                __addsf3
                0x00000000000c40f0                compiler_builtins::float::add::__adddf3
                0x00000000000c4990                __adddf3
                0x00000000000c4a00                __addtf3
                0x00000000000c4a60                compiler_builtins::float::cmp::__gtsf2
                0x00000000000c4a60                compiler_builtins::float::cmp::__gesf2
                0x00000000000c4c50                __gesf2
                0x00000000000c4c50                __gtsf2
                0x00000000000c4e40                compiler_builtins::float::cmp::__unordsf2
                0x00000000000c4eb0                __unordsf2
                0x00000000000c4f20                compiler_builtins::float::cmp::__lesf2
                0x00000000000c4f20                compiler_builtins::float::cmp::__nesf2
                0x00000000000c4f20                compiler_builtins::float::cmp::__ltsf2
                0x00000000000c4f20                compiler_builtins::float::cmp::__eqsf2
                0x00000000000c5110                __lesf2
                0x00000000000c5110                __ltsf2
                0x00000000000c5110                __eqsf2
                0x00000000000c5110                __nesf2
                0x00000000000c5300                compiler_builtins::float::cmp::__gedf2
                0x00000000000c5300                compiler_builtins::float::cmp::__gtdf2
                0x00000000000c54f0                __gtdf2
                0x00000000000c54f0                __gedf2
                0x00000000000c56e0                compiler_builtins::float::cmp::__unorddf2
                0x00000000000c5760                __unorddf2
                0x00000000000c57e0                compiler_builtins::float::cmp::__eqdf2
                0x00000000000c57e0                compiler_builtins::float::cmp::__ledf2
                0x00000000000c57e0                compiler_builtins::float::cmp::__nedf2
                0x00000000000c57e0                compiler_builtins::float::cmp::__ltdf2
                0x00000000000c59d0                __ltdf2
                0x00000000000c59d0                __ledf2
                0x00000000000c59d0                __nedf2
                0x00000000000c59d0                __eqdf2
                0x00000000000c5bc0                __gttf2
                0x00000000000c5bc0                __getf2
                0x00000000000c5de0                __unordtf2
                0x00000000000c5e70                __letf2
                0x00000000000c5e70                __lttf2
                0x00000000000c5e70                __netf2
                0x00000000000c5e70                __eqtf2
                0x00000000000c60a0                compiler_builtins::float::conv::__floatunsisf
                0x00000000000c6160                __floatunsisf
                0x00000000000c6220                compiler_builtins::float::conv::__floatunsidf
                0x00000000000c62e0                __floatunsidf
                0x00000000000c63a0                compiler_builtins::float::conv::__floatundisf
                0x00000000000c6440                __floatundisf
                0x00000000000c64e0                compiler_builtins::float::conv::__floatundidf
                0x00000000000c65c0                __floatundidf
                0x00000000000c66a0                compiler_builtins::float::conv::__floatuntisf
                0x00000000000c6780                __floatuntisf
                0x00000000000c6860                compiler_builtins::float::conv::__floatuntidf
                0x00000000000c6940                __floatuntidf
                0x00000000000c6a20                __floatunsitf
                0x00000000000c6af0                __floatunditf
                0x00000000000c6bd0                __floatuntitf
                0x00000000000c6cf0                compiler_builtins::float::conv::__floatsisf
                0x00000000000c6df0                __floatsisf
                0x00000000000c6ef0                compiler_builtins::float::conv::__floatsidf
                0x00000000000c6fe0                __floatsidf
                0x00000000000c70d0                compiler_builtins::float::conv::__floatdisf
                0x00000000000c7190                __floatdisf
                0x00000000000c7250                compiler_builtins::float::conv::__floatdidf
                0x00000000000c7370                __floatdidf
                0x00000000000c7490                compiler_builtins::float::conv::__floattisf
                0x00000000000c7590                __floattisf
                0x00000000000c7690                compiler_builtins::float::conv::__floattidf
                0x00000000000c7790                __floattidf
                0x00000000000c7890                __floatsitf
                0x00000000000c79a0                __floatditf
                0x00000000000c7ad0                __floattitf
                0x00000000000c7c30                compiler_builtins::float::conv::__fixunssfsi
                0x00000000000c7d40                __fixunssfsi
                0x00000000000c7e50                compiler_builtins::float::conv::__fixunssfdi
                0x00000000000c7f70                __fixunssfdi
                0x00000000000c8090                compiler_builtins::float::conv::__fixunssfti
                0x00000000000c81e0                __fixunssfti
                0x00000000000c8330                compiler_builtins::float::conv::__fixunsdfsi
                0x00000000000c8460                __fixunsdfsi
                0x00000000000c8590                compiler_builtins::float::conv::__fixunsdfdi
                0x00000000000c86c0                __fixunsdfdi
                0x00000000000c87f0                compiler_builtins::float::conv::__fixunsdfti
                0x00000000000c8940                __fixunsdfti
                0x00000000000c8a90                __fixunstfsi
                0x00000000000c8bd0                __fixunstfdi
                0x00000000000c8d10                __fixunstfti
                0x00000000000c8e80                compiler_builtins::float::conv::__fixsfsi
                0x00000000000c8ff0                __fixsfsi
                0x00000000000c9160                compiler_builtins::float::conv::__fixsfdi
                0x00000000000c92d0                __fixsfdi
                0x00000000000c9440                compiler_builtins::float::conv::__fixsfti
                0x00000000000c95f0                __fixsfti
                0x00000000000c97a0                compiler_builtins::float::conv::__fixdfsi
                0x00000000000c9930                __fixdfsi
                0x00000000000c9ac0                compiler_builtins::float::conv::__fixdfdi
                0x00000000000c9c70                __fixdfdi
                0x00000000000c9e20                compiler_builtins::float::conv::__fixdfti
                0x00000000000ca000                __fixdfti
                0x00000000000ca1e0                __fixtfsi
                0x00000000000ca390                __fixtfdi
                0x00000000000ca550                __fixtfti
                0x00000000000ca740                compiler_builtins::float::div::__divsf3
                0x00000000000cae50                __divsf3
                0x00000000000caeb0                compiler_builtins::float::div::__divdf3
                0x00000000000cb660                __divdf3
                0x00000000000cb6d0                __divtf3
                0x00000000000cc380                compiler_builtins::float::extend::__extendsfdf2
                0x00000000000cc580                __extendsfdf2
                0x00000000000cc780                __gnu_h2f_ieee
                0x00000000000cc780                __extendhfsf2
                0x00000000000cc970                __extendhftf2
                0x00000000000ccb70                __extendsftf2
                0x00000000000ccd60                __extenddftf2
                0x00000000000ccf90                compiler_builtins::float::mul::__mulsf3
                0x00000000000cd740                __mulsf3
                0x00000000000cd7a0                compiler_builtins::float::mul::__muldf3
                0x00000000000ce020                __muldf3
                0x00000000000ce090                __multf3
                0x00000000000cebd0                compiler_builtins::float::pow::__powisf2
                0x00000000000ced10                __powisf2
                0x00000000000cee50                compiler_builtins::float::pow::__powidf2
                0x00000000000cef80                __powidf2
                0x00000000000cf0b0                __powitf2
                0x00000000000cf1f0                compiler_builtins::float::sub::__subsf3
                0x00000000000cf260                __subsf3
                0x00000000000cf2d0                compiler_builtins::float::sub::__subdf3
                0x00000000000cf340                __subdf3
                0x00000000000cf3b0                __subtf3
                0x00000000000cf420                compiler_builtins::float::trunc::__truncdfsf2
                0x00000000000cf840                __truncdfsf2
                0x00000000000cfc60                __gnu_f2h_ieee
                0x00000000000cfc60                __truncsfhf2
                0x00000000000d0000                __truncdfhf2
                0x00000000000d0400                __trunctfhf2
                0x00000000000d0860                __trunctfsf2
                0x00000000000d0cd0                __trunctfdf2
                0x00000000000d1140                <f16 as compiler_builtins::float::Float>::normalize
                0x00000000000d11b0                <f32 as compiler_builtins::float::Float>::normalize
                0x00000000000d1220                <f64 as compiler_builtins::float::Float>::normalize
                0x00000000000d1290                <f128 as compiler_builtins::float::Float>::normalize
                0x00000000000d1330                compiler_builtins::int::addsub::__rust_i128_add
                0x00000000000d1330                compiler_builtins::int::addsub::__rust_u128_add
                0x00000000000d13a0                __rust_u128_add
                0x00000000000d13a0                __rust_i128_add
                0x00000000000d1410                compiler_builtins::int::addsub::__rust_i128_addo
                0x00000000000d14a0                __rust_i128_addo
                0x00000000000d1530                compiler_builtins::int::addsub::__rust_u128_addo
                0x00000000000d15b0                __rust_u128_addo
                0x00000000000d1630                compiler_builtins::int::addsub::__rust_u128_sub
                0x00000000000d1630                compiler_builtins::int::addsub::__rust_i128_sub
                0x00000000000d16a0                __rust_u128_sub
                0x00000000000d16a0                __rust_i128_sub
                0x00000000000d1710                compiler_builtins::int::addsub::__rust_i128_subo
                0x00000000000d17a0                __rust_i128_subo
                0x00000000000d1830                compiler_builtins::int::addsub::__rust_u128_subo
                0x00000000000d18b0                __rust_u128_subo
                0x00000000000d1930                <compiler_builtins::int::big::i256 as core::ops::bit::Shl<u32>>::shl
                0x00000000000d1930                <compiler_builtins::int::big::u256 as core::ops::bit::Shl<u32>>::shl
                0x00000000000d1970                compiler_builtins::int::bswap::__bswapsi2
                0x00000000000d19b0                __bswapsi2
                0x00000000000d19f0                compiler_builtins::int::bswap::__bswapdi2
                0x00000000000d1a40                __bswapdi2
                0x00000000000d1a90                compiler_builtins::int::bswap::__bswapti2
                0x00000000000d1af0                __bswapti2
                0x00000000000d1b50                compiler_builtins::int::leading_zeros::__clzsi2
                0x00000000000d1c00                __clzsi2
                0x00000000000d1cb0                compiler_builtins::int::leading_zeros::__clzdi2
                0x00000000000d1d80                __clzdi2
                0x00000000000d1e50                compiler_builtins::int::leading_zeros::__clzti2
                0x00000000000d2030                __clzti2
                0x00000000000d2090                compiler_builtins::int::mul::__muldi3
                0x00000000000d2130                __muldi3
                0x00000000000d21d0                compiler_builtins::int::mul::__multi3
                0x00000000000d2280                __multi3
                0x00000000000d2330                compiler_builtins::int::mul::__mulosi4
                0x00000000000d2580                __mulosi4
                0x00000000000d27d0                compiler_builtins::int::mul::__mulodi4
                0x00000000000d29f0                __mulodi4
                0x00000000000d2c10                __rust_i128_mulo
                0x00000000000d2c10                __muloti4
                0x00000000000d2e80                compiler_builtins::int::mul::__rust_i128_mulo
                0x00000000000d2e80                compiler_builtins::int::mul::__muloti4